<html>
<body>
<pre>
<h1>µVision Build Log</h1>
<h2>Tool Versions:</h2>
IDE-Version: ¦ÌVision V5.21.1.0
Copyright (C) 2016 ARM Ltd and ARM Germany GmbH. All rights reserved.
License Information: l yh, 123, LIC=585FJ-UAS9I-9UK4U-SBQYC-TE5BM-WRH9T
 
Tool Versions:
Toolchain:       MDK-ARM Plus  Version: 5.21a
Toolchain Path:  D:\Keil_v5\ARM\ARMCC\Bin
C Compiler:      Armcc.exe V5.06 update 3 (build 300)
Assembler:       Armasm.exe V5.06 update 3 (build 300)
Linker/Locator:  ArmLink.exe V5.06 update 3 (build 300)
Library Manager: ArmAr.exe V5.06 update 3 (build 300)
Hex Converter:   FromElf.exe V5.06 update 3 (build 300)
CPU DLL:         SARMCM3.DLL V5.21a
Dialog DLL:      DCM.DLL V1.13.8.0
Target DLL:      STLink\ST-LINKIII-KEIL_SWO.dll V2.0.18.0
Dialog DLL:      TCM.DLL V1.14.14.0
 
<h2>Project:</h2>
E:\lyh\products\Sensor\BME280\BME280 Environmental Sensor\demo codes\STM32\USER\main.uvprojx
Project File Date:  11/04/2022

<h2>Output:</h2>
*** Using Compiler 'V5.06 update 3 (build 300)', folder: 'D:\Keil_v5\ARM\ARMCC\Bin'
Build target 'main'
compiling main.c...
main.c(177): warning:  #550-D: variable "id" was set but never used
      struct identifier id;
main.c(233): warning:  #177-D: variable "id" was declared but never referenced
      struct identifier id;
main.c: 2 warnings, 0 errors
linking...
Program Size: Code=14476 RO-data=268 RW-data=52 ZI-data=516  
FromELF: creating hex file...
"..\OBJ\main.axf" - 0 Error(s), 2 Warning(s).

<h2>Collection of Component include folders:</h2>
  E:\lyh\products\Sensor\BME280\BME280 Environmental Sensor\demo codes\STM32\USER\RTE
  D:\Keil_v5\ARM\PACK\Keil\STM32F1xx_DFP\2.2.0\Device\Include

<h2>Collection of Component Files used:</h2>
Build Time Elapsed:  00:00:00
</pre>
</body>
</html>
